../Core/Src/main.c:127:5:main	8	static
../Core/Src/main.c:220:6:SystemClock_Config	88	static
../Core/Src/main.c:263:13:MX_NVIC_Init	8	static
../Core/Src/main.c:283:13:MX_TIM7_Init	16	static
../Core/Src/main.c:319:13:MX_GPIO_Init	48	static
../Core/Src/main.c:399:6:Init_basic_operation	8	static
../Core/Src/main.c:433:6:Init_display_operation	4	static
../Core/Src/main.c:435:6:Init_button_operation	8	static
../Core/Src/main.c:461:6:Clock_basic_operation	4	static
../Core/Src/main.c:505:6:Clock_display_operation	24	static
../Core/Src/main.c:615:6:Clock_button_operation	8	static
../Core/Src/main.c:674:6:isLeapYear	16	static
../Core/Src/main.c:678:6:updateTime	8	static
../Core/Src/main.c:744:6:updateTime2	8	static
../Core/Src/main.c:810:6:Stopwatch_basic_operation	4	static
../Core/Src/main.c:813:6:Stopwatch_display_operation	32	static
../Core/Src/main.c:828:6:Stopwatch_button_operation	40	static
../Core/Src/main.c:894:6:Timer_button_operation	24	static
../Core/Src/main.c:944:6:Timer_basic_operation	8	static
../Core/Src/main.c:962:6:Timer_display_operation	24	static
../Core/Src/main.c:988:6:HAL_TIM_PeriodElapsedCallback	48	static
../Core/Src/main.c:1020:6:HAL_GPIO_EXTI_Callback	16	static
../Core/Src/main.c:1109:6:Error_Handler	4	static,ignoring_inline_asm
