../Core/Src/main.c:106:5:main	8	static
../Core/Src/main.c:188:6:SystemClock_Config	88	static
../Core/Src/main.c:230:13:MX_NVIC_Init	8	static
../Core/Src/main.c:250:13:MX_TIM7_Init	16	static
../Core/Src/main.c:286:13:MX_GPIO_Init	48	static
../Core/Src/main.c:366:6:Init_basic_operation	4	static
../Core/Src/main.c:369:6:Init_display_operation	8	static
../Core/Src/main.c:381:6:Init_button_operation	8	static
../Core/Src/main.c:397:6:Stopwatch_basic_operation	4	static
../Core/Src/main.c:400:6:Stopwatch_display_operation	32	static
../Core/Src/main.c:415:6:Stopwatch_button_operation	40	static
../Core/Src/main.c:484:6:Timer_button_operation	24	static
../Core/Src/main.c:534:6:Timer_basic_operation	8	static
../Core/Src/main.c:552:6:Timer_display_operation	24	static
../Core/Src/main.c:569:6:HAL_TIM_PeriodElapsedCallback	40	static
../Core/Src/main.c:583:6:HAL_GPIO_EXTI_Callback	16	static
../Core/Src/main.c:656:6:Error_Handler	4	static,ignoring_inline_asm
